[2026-03-19 10:01:27] Environment: cuda | Batch Size: 128 | Epochs: 30 | Mode: FP32-Baseline VGG16
[2026-03-19 10:01:29] Loading VGG16 and modifying for CIFAR-10...
[2026-03-19 10:01:32] Epoch     TrainAcc       TestAcc        LR             
[2026-03-19 10:04:59] 1         78.84          88.19          0.009973       
[2026-03-19 10:05:00] New Best Accuracy: 88.19% | Saved to: /root/autodl-tmp/my_backup/fp32_vgg16_best.pth
[2026-03-19 10:08:27] 2         90.08          91.26          0.009891       
[2026-03-19 10:08:28] New Best Accuracy: 91.26% | Saved to: /root/autodl-tmp/my_backup/fp32_vgg16_best.pth
[2026-03-19 10:11:55] 3         92.94          91.38          0.009755       
[2026-03-19 10:11:56] New Best Accuracy: 91.38% | Saved to: /root/autodl-tmp/my_backup/fp32_vgg16_best.pth
[2026-03-19 10:15:23] 4         94.35          92.41          0.009568       
[2026-03-19 10:15:24] New Best Accuracy: 92.41% | Saved to: /root/autodl-tmp/my_backup/fp32_vgg16_best.pth
[2026-03-19 10:18:50] 5         95.88          92.44          0.009330       
[2026-03-19 10:18:51] New Best Accuracy: 92.44% | Saved to: /root/autodl-tmp/my_backup/fp32_vgg16_best.pth
[2026-03-19 10:22:18] 6         96.58          93.21          0.009045       
[2026-03-19 10:22:19] New Best Accuracy: 93.21% | Saved to: /root/autodl-tmp/my_backup/fp32_vgg16_best.pth
[2026-03-19 10:25:46] 7         97.18          92.98          0.008716       
[2026-03-19 10:29:13] 8         97.73          93.44          0.008346       
[2026-03-19 10:29:14] New Best Accuracy: 93.44% | Saved to: /root/autodl-tmp/my_backup/fp32_vgg16_best.pth
[2026-03-19 10:32:41] 9         98.38          92.70          0.007939       
[2026-03-19 10:36:08] 10        98.74          93.37          0.007500       
[2026-03-19 10:39:35] 11        98.99          93.78          0.007034       
[2026-03-19 10:39:36] New Best Accuracy: 93.78% | Saved to: /root/autodl-tmp/my_backup/fp32_vgg16_best.pth
[2026-03-19 10:43:03] 12        99.24          93.73          0.006545       
[2026-03-19 10:46:30] 13        99.46          93.77          0.006040       
[2026-03-19 10:49:57] 14        99.56          94.07          0.005523       
[2026-03-19 10:49:58] New Best Accuracy: 94.07% | Saved to: /root/autodl-tmp/my_backup/fp32_vgg16_best.pth
[2026-03-19 10:53:25] 15        99.77          94.51          0.005000       
[2026-03-19 10:53:26] New Best Accuracy: 94.51% | Saved to: /root/autodl-tmp/my_backup/fp32_vgg16_best.pth
[2026-03-19 10:56:53] 16        99.79          94.81          0.004477       
[2026-03-19 10:56:54] New Best Accuracy: 94.81% | Saved to: /root/autodl-tmp/my_backup/fp32_vgg16_best.pth
[2026-03-19 11:00:21] 17        99.89          94.87          0.003960       
[2026-03-19 11:00:22] New Best Accuracy: 94.87% | Saved to: /root/autodl-tmp/my_backup/fp32_vgg16_best.pth
[2026-03-19 11:03:49] 18        99.98          94.74          0.003455       
[2026-03-19 11:07:16] 19        99.96          95.05          0.002966       
[2026-03-19 11:07:16] New Best Accuracy: 95.05% | Saved to: /root/autodl-tmp/my_backup/fp32_vgg16_best.pth
[2026-03-19 11:10:43] 20        99.97          95.15          0.002500       
[2026-03-19 11:10:44] New Best Accuracy: 95.15% | Saved to: /root/autodl-tmp/my_backup/fp32_vgg16_best.pth
[2026-03-19 11:14:11] 21        99.98          95.18          0.002061       
[2026-03-19 11:14:12] New Best Accuracy: 95.18% | Saved to: /root/autodl-tmp/my_backup/fp32_vgg16_best.pth
[2026-03-19 11:17:39] 22        99.99          95.16          0.001654       
[2026-03-19 11:21:06] 23        99.99          95.32          0.001284       
[2026-03-19 11:21:07] New Best Accuracy: 95.32% | Saved to: /root/autodl-tmp/my_backup/fp32_vgg16_best.pth
[2026-03-19 11:24:34] 24        100.00         95.36          0.000955       
[2026-03-19 11:24:35] New Best Accuracy: 95.36% | Saved to: /root/autodl-tmp/my_backup/fp32_vgg16_best.pth
[2026-03-19 11:28:02] 25        100.00         95.35          0.000670       
[2026-03-19 11:31:29] 26        99.99          95.41          0.000432       
[2026-03-19 11:31:30] New Best Accuracy: 95.41% | Saved to: /root/autodl-tmp/my_backup/fp32_vgg16_best.pth
[2026-03-19 11:34:57] 27        100.00         95.34          0.000245       
[2026-03-19 11:38:24] 28        100.00         95.35          0.000109       
[2026-03-19 11:41:51] 29        99.99          95.37          0.000027       
[2026-03-19 11:45:17] 30        99.99          95.36          0.000000       
[2026-03-19 11:45:17] =======================================================
[2026-03-19 11:45:17] Final Best FP32 Accuracy: 95.41%
[2026-03-19 11:45:17] Total Training Time: 103.76 mins
