[2026-03-23 09:41:00] Env: cuda | Dataset: CIFAR-100 | Mode: Pure FP32 Baseline
[2026-03-23 09:41:01] Loading Pure FP32 ResNet18...
[2026-03-23 09:41:02] Epoch     TrainAcc       TestAcc        LR             
[2026-03-23 09:41:50] 1         59.45          71.87          0.009973       
[2026-03-23 09:42:38] 2         78.90          76.08          0.009891       
[2026-03-23 09:43:26] 3         85.22          77.26          0.009755       
[2026-03-23 09:44:15] 4         89.53          77.38          0.009568       
[2026-03-23 09:45:04] 5         93.22          79.07          0.009330       
[2026-03-23 09:45:55] 6         95.71          80.05          0.009045       
[2026-03-23 09:46:47] 7         97.44          80.90          0.008716       
[2026-03-23 09:47:36] 8         98.64          81.27          0.008346       
[2026-03-23 09:48:25] 9         99.22          81.97          0.007939       
[2026-03-23 09:49:14] 10        99.64          82.23          0.007500       
[2026-03-23 09:50:06] 11        99.82          82.49          0.007034       
[2026-03-23 09:50:55] 12        99.88          82.79          0.006545       
[2026-03-23 09:51:46] 13        99.91          82.77          0.006040       
[2026-03-23 09:52:39] 14        99.95          82.84          0.005523       
[2026-03-23 09:53:29] 15        99.97          82.81          0.005000       
[2026-03-23 09:54:17] 16        99.97          83.06          0.004477       
[2026-03-23 09:55:07] 17        99.97          82.97          0.003960       
[2026-03-23 09:55:54] 18        99.97          82.93          0.003455       
[2026-03-23 09:56:41] 19        99.98          83.16          0.002966       
[2026-03-23 09:57:29] 20        99.98          83.02          0.002500       
[2026-03-23 09:58:19] 21        99.98          83.10          0.002061       
[2026-03-23 09:59:09] 22        99.98          83.07          0.001654       
[2026-03-23 09:59:57] 23        99.98          83.14          0.001284       
[2026-03-23 10:00:46] 24        99.98          83.08          0.000955       
[2026-03-23 10:01:36] 25        99.98          83.01          0.000670       
[2026-03-23 10:02:25] 26        99.98          83.15          0.000432       
[2026-03-23 10:03:15] 27        99.98          83.05          0.000245       
[2026-03-23 10:04:05] 28        99.98          83.14          0.000109       
[2026-03-23 10:04:55] 29        99.99          83.11          0.000027       
[2026-03-23 10:05:43] 30        99.98          83.00          0.000000       
[2026-03-23 10:05:44] =======================================================
[2026-03-23 10:05:44] FP32 Baseline Training Finished
[2026-03-23 10:05:44] Best CIFAR-100 Accuracy: 83.16%
[2026-03-23 10:05:44] FP32 Inference Latency: 1.65 ms/image
[2026-03-23 10:05:44] Total Training Time: 24.70 mins
[2026-03-23 10:05:44] =======================================================
