[2026-03-23 13:24:20] Env: cuda | Mode: FP32-Baseline MobileNetV2
[2026-03-23 13:24:20] Loading Quantization-ready MobileNetV2...
[2026-03-23 13:24:23] Epoch     TrainAcc       TestAcc        LR             
[2026-03-23 13:25:12] 1         55.37          68.03          0.009973       
[2026-03-23 13:26:00] 2         73.65          70.90          0.009891       
[2026-03-23 13:26:47] 3         79.41          73.09          0.009755       
[2026-03-23 13:27:36] 4         83.24          71.94          0.009568       
[2026-03-23 13:28:24] 5         85.97          75.34          0.009330       
[2026-03-23 13:29:13] 6         88.56          77.10          0.009045       
[2026-03-23 13:30:01] 7         90.82          77.21          0.008716       
[2026-03-23 13:30:50] 8         92.84          77.78          0.008346       
[2026-03-23 13:31:38] 9         94.81          78.95          0.007939       
[2026-03-23 13:32:26] 10        96.25          79.84          0.007500       
[2026-03-23 13:33:14] 11        97.52          79.68          0.007034       
[2026-03-23 13:34:01] 12        98.52          80.64          0.006545       
[2026-03-23 13:34:49] 13        99.03          80.80          0.006040       
[2026-03-23 13:35:38] 14        99.53          81.71          0.005523       
[2026-03-23 13:36:26] 15        99.74          81.73          0.005000       
[2026-03-23 13:37:14] 16        99.84          81.92          0.004477       
[2026-03-23 13:38:02] 17        99.91          82.15          0.003960       
[2026-03-23 13:38:50] 18        99.93          82.37          0.003455       
[2026-03-23 13:39:38] 19        99.96          82.33          0.002966       
[2026-03-23 13:40:26] 20        99.95          82.44          0.002500       
[2026-03-23 13:41:14] 21        99.96          82.51          0.002061       
[2026-03-23 13:42:02] 22        99.97          82.42          0.001654       
[2026-03-23 13:42:50] 23        99.97          82.38          0.001284       
[2026-03-23 13:43:39] 24        99.98          82.61          0.000955       
[2026-03-23 13:44:27] 25        99.99          82.46          0.000670       
[2026-03-23 13:45:15] 26        99.97          82.38          0.000432       
[2026-03-23 13:46:04] 27        99.97          82.43          0.000245       
[2026-03-23 13:46:52] 28        99.98          82.48          0.000109       
[2026-03-23 13:47:39] 29        99.98          82.55          0.000027       
[2026-03-23 13:48:27] 30        99.97          82.61          0.000000       
[2026-03-23 13:48:28] =======================================================
[2026-03-23 13:48:28] FP32 Baseline Training Finished
[2026-03-23 13:48:28] Best CIFAR-100 Accuracy: 82.61%
[2026-03-23 13:48:28] FP32 Inference Latency: 3.28 ms/image
[2026-03-23 13:48:28] Total Training Time: 24.08 mins
[2026-03-23 13:48:28] =======================================================
