[2026-03-23 11:38:17] Env: cuda | Dataset: CIFAR-100 | Batch: 128 | Mode: FP32-Baseline VGG16
[2026-03-23 11:38:17] Loading Quantizable VGG16 with ImageNet weights...
[2026-03-23 11:38:21] Epoch     TrainAcc       TestAcc        LR             
[2026-03-23 11:41:48] 1         47.60          62.74          0.009973       
[2026-03-23 11:41:48] New Best Accuracy: 62.74% | Saved to: /root/autodl-tmp/my_backup/fp32_vgg16_c100_best.pth
[2026-03-23 11:45:15] 2         64.95          66.14          0.009891       
[2026-03-23 11:45:15] New Best Accuracy: 66.14% | Saved to: /root/autodl-tmp/my_backup/fp32_vgg16_c100_best.pth
[2026-03-23 11:48:42] 3         71.07          70.34          0.009755       
[2026-03-23 11:48:43] New Best Accuracy: 70.34% | Saved to: /root/autodl-tmp/my_backup/fp32_vgg16_c100_best.pth
[2026-03-23 11:52:09] 4         76.25          72.66          0.009568       
[2026-03-23 11:52:10] New Best Accuracy: 72.66% | Saved to: /root/autodl-tmp/my_backup/fp32_vgg16_c100_best.pth
[2026-03-23 11:55:36] 5         80.07          73.35          0.009330       
[2026-03-23 11:55:37] New Best Accuracy: 73.35% | Saved to: /root/autodl-tmp/my_backup/fp32_vgg16_c100_best.pth
[2026-03-23 11:59:04] 6         83.08          74.23          0.009045       
[2026-03-23 11:59:04] New Best Accuracy: 74.23% | Saved to: /root/autodl-tmp/my_backup/fp32_vgg16_c100_best.pth
[2026-03-23 12:02:31] 7         86.38          74.53          0.008716       
[2026-03-23 12:02:32] New Best Accuracy: 74.53% | Saved to: /root/autodl-tmp/my_backup/fp32_vgg16_c100_best.pth
[2026-03-23 12:05:58] 8         88.52          74.35          0.008346       
[2026-03-23 12:09:25] 9         90.45          73.71          0.007939       
[2026-03-23 12:12:51] 10        92.00          74.62          0.007500       
[2026-03-23 12:12:52] New Best Accuracy: 74.62% | Saved to: /root/autodl-tmp/my_backup/fp32_vgg16_c100_best.pth
[2026-03-23 12:16:18] 11        93.60          75.27          0.007034       
[2026-03-23 12:16:19] New Best Accuracy: 75.27% | Saved to: /root/autodl-tmp/my_backup/fp32_vgg16_c100_best.pth
[2026-03-23 12:19:45] 12        94.85          75.58          0.006545       
[2026-03-23 12:19:46] New Best Accuracy: 75.58% | Saved to: /root/autodl-tmp/my_backup/fp32_vgg16_c100_best.pth
[2026-03-23 12:23:13] 13        96.03          76.49          0.006040       
[2026-03-23 12:23:14] New Best Accuracy: 76.49% | Saved to: /root/autodl-tmp/my_backup/fp32_vgg16_c100_best.pth
[2026-03-23 12:26:41] 14        96.69          76.88          0.005523       
[2026-03-23 12:26:41] New Best Accuracy: 76.88% | Saved to: /root/autodl-tmp/my_backup/fp32_vgg16_c100_best.pth
[2026-03-23 12:30:08] 15        97.74          77.11          0.005000       
[2026-03-23 12:30:09] New Best Accuracy: 77.11% | Saved to: /root/autodl-tmp/my_backup/fp32_vgg16_c100_best.pth
[2026-03-23 12:33:35] 16        98.19          77.19          0.004477       
[2026-03-23 12:33:36] New Best Accuracy: 77.19% | Saved to: /root/autodl-tmp/my_backup/fp32_vgg16_c100_best.pth
[2026-03-23 12:37:03] 17        98.69          77.64          0.003960       
[2026-03-23 12:37:04] New Best Accuracy: 77.64% | Saved to: /root/autodl-tmp/my_backup/fp32_vgg16_c100_best.pth
[2026-03-23 12:40:30] 18        98.92          77.63          0.003455       
[2026-03-23 12:43:56] 19        99.19          77.86          0.002966       
[2026-03-23 12:43:57] New Best Accuracy: 77.86% | Saved to: /root/autodl-tmp/my_backup/fp32_vgg16_c100_best.pth
[2026-03-23 12:47:24] 20        99.41          78.53          0.002500       
[2026-03-23 12:47:24] New Best Accuracy: 78.53% | Saved to: /root/autodl-tmp/my_backup/fp32_vgg16_c100_best.pth
[2026-03-23 12:50:51] 21        99.54          78.22          0.002061       
[2026-03-23 12:54:18] 22        99.62          78.89          0.001654       
[2026-03-23 12:54:19] New Best Accuracy: 78.89% | Saved to: /root/autodl-tmp/my_backup/fp32_vgg16_c100_best.pth
[2026-03-23 12:57:45] 23        99.76          78.81          0.001284       
[2026-03-23 13:01:12] 24        99.81          78.98          0.000955       
[2026-03-23 13:01:13] New Best Accuracy: 78.98% | Saved to: /root/autodl-tmp/my_backup/fp32_vgg16_c100_best.pth
[2026-03-23 13:04:39] 25        99.87          79.23          0.000670       
[2026-03-23 13:04:40] New Best Accuracy: 79.23% | Saved to: /root/autodl-tmp/my_backup/fp32_vgg16_c100_best.pth
[2026-03-23 13:08:07] 26        99.85          79.28          0.000432       
[2026-03-23 13:08:08] New Best Accuracy: 79.28% | Saved to: /root/autodl-tmp/my_backup/fp32_vgg16_c100_best.pth
[2026-03-23 13:11:34] 27        99.87          79.25          0.000245       
[2026-03-23 13:15:01] 28        99.86          79.18          0.000109       
[2026-03-23 13:18:27] 29        99.86          79.31          0.000027       
[2026-03-23 13:18:28] New Best Accuracy: 79.31% | Saved to: /root/autodl-tmp/my_backup/fp32_vgg16_c100_best.pth
[2026-03-23 13:21:55] 30        99.89          79.29          0.000000       
[2026-03-23 13:21:55] =======================================================
[2026-03-23 13:21:55] FP32 Baseline Training Finished
[2026-03-23 13:21:55] Best CIFAR-100 Accuracy: 79.31%
[2026-03-23 13:21:55] FP32 Inference Latency: 2.39 ms/image
[2026-03-23 13:21:55] Total Training Time: 103.58 mins
[2026-03-23 13:21:55] =======================================================
