[2026-03-18 18:27:04] Environment: cuda | Batch Size: 128 | Epochs: 15 | Engine: qnnpack
[2026-03-18 18:27:07] FP32 Checkpoint Loaded: /root/autodl-tmp/my_backup/fp32_resnet18_best.pth
[2026-03-18 18:27:07] Epoch     TrainAcc       TestAcc        Loss           
[2026-03-18 18:28:05] 1         100.00         96.23          0.0005         
[2026-03-18 18:28:05] New Best Accuracy: 96.23%
[2026-03-18 18:29:01] 2         100.00         96.26          0.0005         
[2026-03-18 18:29:01] New Best Accuracy: 96.26%
[2026-03-18 18:29:57] 3         100.00         96.42          0.0005         
[2026-03-18 18:29:57] New Best Accuracy: 96.42%
[2026-03-18 18:30:53] 4         100.00         96.49          0.0005         
[2026-03-18 18:30:54] New Best Accuracy: 96.49%
[2026-03-18 18:31:49] 5         100.00         96.56          0.0002         
[2026-03-18 18:31:49] New Best Accuracy: 96.56%
[2026-03-18 18:32:44] 6         100.00         96.53          0.0002         
[2026-03-18 18:33:39] 7         100.00         96.38          0.0002         
[2026-03-18 18:34:35] 8         100.00         96.49          0.0002         
[2026-03-18 18:35:30] 9         100.00         96.41          0.0002         
[2026-03-18 18:36:26] 10        100.00         96.36          0.0002         
[2026-03-18 18:37:21] 11        100.00         96.45          0.0001         
[2026-03-18 18:38:16] 12        100.00         96.45          0.0001         
[2026-03-18 18:39:12] 13        100.00         96.54          0.0001         
[2026-03-18 18:40:07] 14        100.00         96.42          0.0001         
[2026-03-18 18:41:03] 15        100.00         96.32          0.0001         
[2026-03-18 18:41:03] Converting to INT8 Trace Format...
[2026-03-18 18:41:05] =======================================================
[2026-03-18 18:41:05] QAT Summary Report
[2026-03-18 18:41:05] Best Test Accuracy: 96.56%
[2026-03-18 18:41:05] FP32 Model Size: 42.73 MB
[2026-03-18 18:41:05] INT8 Model Size: 10.82 MB
[2026-03-18 18:41:05] Compression Ratio: 3.95x
[2026-03-18 18:41:05] Execution Time: 13.96 mins
[2026-03-18 18:41:05] =======================================================
