[2026-05-26 15:34:58] Environment: cuda | Batch Size: 128 | Epochs: 15 | Engine: qnnpack
[2026-05-26 15:35:00] FP32 Checkpoint Loaded: /root/autodl-tmp/my_backup/fp32_resnet18_best.pth
[2026-05-26 15:35:00] Performing enhanced layer fusion...
[2026-05-26 15:35:00] Enhanced layer fusion completed.
[2026-05-26 15:35:00] Starting layer sensitivity analysis...
[2026-05-26 15:35:03] Layer sensitivity analysis completed. Found 50 layers.
[2026-05-26 15:35:04] Creating optimized QConfig mapping...
[2026-05-26 15:35:04] Applying selective quantization based on sensitivity analysis...
[2026-05-26 15:35:04] Found 1 high-sensitivity layers:
[2026-05-26 15:35:04]   - fc: 1.00
[2026-05-26 15:35:04] Starting Progressive Quantization Aware Training...
[2026-05-26 15:35:04] Epoch     TrainAcc       TestAcc        Loss           QAT_Stage      
[2026-05-26 15:35:58] 1         100.00         96.29          0.0006         Relaxed        
[2026-05-26 15:35:58] New Best Accuracy: 96.29%
[2026-05-26 15:36:53] 2         100.00         96.52          0.0005         Relaxed        
[2026-05-26 15:36:53] New Best Accuracy: 96.52%
[2026-05-26 15:37:48] 3         100.00         96.26          0.0005         Relaxed        
[2026-05-26 15:38:42] 4         100.00         96.42          0.0002         Moderate       
[2026-05-26 15:39:37] 5         100.00         96.41          0.0002         Moderate       
[2026-05-26 15:40:31] 6         100.00         96.47          0.0002         Moderate       
[2026-05-26 15:41:26] 7         100.00         96.27          0.0002         Moderate       
[2026-05-26 15:42:19] 8         100.00         96.35          0.0002         Moderate       
[2026-05-26 15:43:13] 9         100.00         96.48          0.0002         Moderate       
[2026-05-26 15:44:07] 10        100.00         96.37          0.0002         Moderate       
[2026-05-26 15:45:02] 11        100.00         96.47          0.0002         Strict         
[2026-05-26 15:45:56] 12        100.00         96.41          0.0001         Strict         
