[2026-04-16 14:22:22] Environment: cuda | Batch Size: 128 | Epochs: 15
[2026-04-16 14:22:24] Checkpoint loaded: /root/autodl-tmp/my_backup/fp32_mobilenetv2_best.pth
[2026-04-16 14:22:24] Epoch     TrainAcc       TestAcc        Loss           
[2026-04-16 14:23:50] 1         99.86          95.50          0.0052         
[2026-04-16 14:23:50] --- Saved best model: 95.50% ---
[2026-04-16 14:25:15] 2         99.88          95.49          0.0042         
[2026-04-16 14:26:40] 3         99.89          95.29          0.0040         
[2026-04-16 14:28:05] 4         99.92          95.56          0.0036         
[2026-04-16 14:28:06] --- Saved best model: 95.56% ---
[2026-04-16 14:29:28] 5         99.96          95.89          0.0022         
[2026-04-16 14:29:28] --- Saved best model: 95.89% ---
[2026-04-16 14:30:50] 6         99.98          95.88          0.0012         
[2026-04-16 14:32:13] 7         99.98          95.95          0.0012         
[2026-04-16 14:32:13] --- Saved best model: 95.95% ---
[2026-04-16 14:33:35] 8         99.99          95.89          0.0010         
[2026-04-16 14:34:57] 9         99.99          95.86          0.0008         
[2026-04-16 14:36:20] 10        99.99          95.82          0.0007         
[2026-04-16 14:37:42] 11        99.99          95.83          0.0007         
[2026-04-16 14:39:04] 12        99.99          95.71          0.0006         
[2026-04-16 14:40:27] 13        100.00         95.71          0.0005         
[2026-04-16 14:41:49] 14        100.00         95.82          0.0005         
[2026-04-16 14:43:12] 15        100.00         95.87          0.0005         
[2026-04-16 14:43:12] Converting QAT model to deployed INT8 format...
[2026-04-16 14:43:13] =======================================================
[2026-04-16 14:43:13] QAT Process Finished.
[2026-04-16 14:43:13] Best Test Accuracy: 95.95%
[2026-04-16 14:43:13] Deployment Model Saved: /root/autodl-tmp/my_backup/mobilenetv2_c10_int8_deploy.pt
[2026-04-16 14:43:13] FP32 Model Size: 8.77 MB
[2026-04-16 14:43:13] INT8 Deploy Size: 2.57 MB
[2026-04-16 14:43:13] Compression Ratio: 3.41x
[2026-04-16 14:43:13] Total Time: 20.82 mins
[2026-04-16 14:43:13] =======================================================
[2026-04-16 14:43:13] Experiment Complete. Ready for Raspberry Pi 5.
